host      hpc3-15-23
job       55570044
restart   0
gpu       cpu-only
2026-08-24T23:56:06-07:00

╭──────────────────────────────────────────────────────────────────────────────╮
│ Hyperparameter Optimization                                                  │
╰──────────────────────────────────────────────────────────────────────────────╯

                               Run Configuration                                
┌────────────────┬───────────────────────┬─────────────────────────────────────┐
│ Backend        │ ClearGBM              │ ML model backend                    │
│ Dataset        │ KAGGLE_GIVE_ME_CREDIT │ External bankruptcy dataset         │
│ Trials         │ 20                    │ Optuna TPE Bayesian optimization    │
│                │                       │ trials                              │
│ Feature Preset │ none                  │ Original features only              │
│ Device         │ CPU                   │ GPU (CUDA) or CPU                   │
│ Optimizer      │ Optuna TPE            │ Tree-structured Parzen Estimator    │
│ Metric         │ AUC-ROC               │ Area under ROC curve (validation    │
│                │                       │ set)                                │
└────────────────┴───────────────────────┴─────────────────────────────────────┘

INFO     Detected special codes                                                 
INFO     Starting Optuna TPE optimization                                       
INFO     Auto-calculated scale_pos_weight for ClearGBM                          
INFO     Trial complete                                                         
INFO     Auto-calculated scale_pos_weight for ClearGBM                          
INFO     Trial complete                                                         
INFO     Auto-calculated scale_pos_weight for ClearGBM                          
INFO     Trial complete                                                         
INFO     Auto-calculated scale_pos_weight for ClearGBM                          
INFO     Trial complete                                                         
INFO     Auto-calculated scale_pos_weight for ClearGBM                          
INFO     Trial complete                                                         
INFO     Auto-calculated scale_pos_weight for ClearGBM                          
INFO     Trial complete                                                         
INFO     Auto-calculated scale_pos_weight for ClearGBM                          
INFO     Trial complete                                                         
INFO     Auto-calculated scale_pos_weight for ClearGBM                          
INFO     Trial complete                                                         
INFO     Auto-calculated scale_pos_weight for ClearGBM                          
INFO     Trial complete                                                         
INFO     Auto-calculated scale_pos_weight for ClearGBM                          
INFO     Trial complete                                                         
INFO     Auto-calculated scale_pos_weight for ClearGBM                          
INFO     Trial complete                                                         
INFO     Auto-calculated scale_pos_weight for ClearGBM                          
INFO     Trial complete                                                         
INFO     Auto-calculated scale_pos_weight for ClearGBM                          
INFO     Trial complete                                                         
INFO     Auto-calculated scale_pos_weight for ClearGBM                          
INFO     Trial complete                                                         
INFO     Auto-calculated scale_pos_weight for ClearGBM                          
INFO     Trial complete                                                         
INFO     Auto-calculated scale_pos_weight for ClearGBM                          
INFO     Trial complete                                                         
INFO     Auto-calculated scale_pos_weight for ClearGBM                          
INFO     Trial complete                                                         
INFO     Auto-calculated scale_pos_weight for ClearGBM                          
INFO     Trial complete                                                         
INFO     Auto-calculated scale_pos_weight for ClearGBM                          
INFO     Trial complete                                                         
INFO     Auto-calculated scale_pos_weight for ClearGBM                          
INFO     Trial complete                                                         
INFO     Optuna TPE optimization complete                                       
  1m 14s Saving results... ━━━━━━━━━━━━━━━━━━━━━━━━━━━━━━━━━━━━━━━━ 100%

╭──────────────────────────────────────────────────────────────────────────────╮
│ OPTIMIZATION COMPLETE                                                        │
╰──────────────────────────────────────────────────────────────────────────────╯

                Optimization Results                
┌────────────────┬─────────────────────────────────┐
│ Backend        │ ClearGBM                        │
│ Dataset        │ KAGGLE_GIVE_ME_CREDIT           │
│ Feature Preset │ none                            │
│ Samples        │ 150,000                         │
│ Features       │ 10                              │
│ Best AUC       │  0.8691                         │
│ Best Trial     │ #11                             │
│ Trials         │ 20 complete, 0 pruned, 0 failed │
│ Time           │ 74.9s                           │
└────────────────┴─────────────────────────────────┘

Best Hyperparameters (ClearGBM) 
┏━━━━━━━━━━━━━━━━━━━┳━━━━━━━━━━┓
┃ Parameter         ┃    Value ┃
┡━━━━━━━━━━━━━━━━━━━╇━━━━━━━━━━┩
│ max_depth         │        3 │
│ n_estimators      │      292 │
│ min_samples_split │       17 │
│ min_samples_leaf  │        9 │
│ max_bins          │       64 │
│ learning_rate     │ 0.069010 │
│ subsample         │ 0.611441 │
└───────────────────┴──────────┘

                Run Comparison                
┏━━━━━━━━━━━━━━━━━┳━━━━━━━━┳━━━━━━━━━━━┳━━━━━┓
┃ Metric          ┃    AUC ┃     Delta ┃ Run ┃
┡━━━━━━━━━━━━━━━━━╇━━━━━━━━╇━━━━━━━━━━━╇━━━━━┩
│ Current Run     │ 0.8691 │           │ now │
│ Previous Best   │    N/A │ first run │     │
│ All-Time Best ★ │ 0.8691 │       NEW │ now │
└─────────────────┴────────┴───────────┴─────┘

 ★ NEW BEST AUC: 0.8691 ★ 

2026-08-24T23:57:23-07:00
exit      0
