host      hpc3-15-20
job       55570014
restart   0
gpu       cpu-only
2026-08-24T23:54:34-07:00

╭──────────────────────────────────────────────────────────────────────────────╮
│ Hyperparameter Optimization                                                  │
╰──────────────────────────────────────────────────────────────────────────────╯

                               Run Configuration                                
┌────────────────┬────────────┬────────────────────────────────────────────────┐
│ Backend        │ ClearGBM   │ ML model backend                               │
│ Dataset        │ TAIWAN     │ External bankruptcy dataset                    │
│ Trials         │ 20         │ Optuna TPE Bayesian optimization trials        │
│ Feature Preset │ full       │ Original + log + ratios + products (max ~800   │
│                │            │ features)                                      │
│ Device         │ CPU        │ GPU (CUDA) or CPU                              │
│ Optimizer      │ Optuna TPE │ Tree-structured Parzen Estimator               │
│ Metric         │ AUC-ROC    │ Area under ROC curve (validation set)          │
└────────────────┴────────────┴────────────────────────────────────────────────┘

INFO     Applied feature engineering for ClearGBM                               
INFO     Starting Optuna TPE optimization                                       
INFO     Auto-calculated scale_pos_weight for ClearGBM                          
INFO     Trial complete                                                         
INFO     Auto-calculated scale_pos_weight for ClearGBM                          
INFO     Trial complete                                                         
INFO     Auto-calculated scale_pos_weight for ClearGBM                          
INFO     Trial complete                                                         
INFO     Auto-calculated scale_pos_weight for ClearGBM                          
INFO     Trial complete                                                         
INFO     Auto-calculated scale_pos_weight for ClearGBM                          
INFO     Trial complete                                                         
INFO     Auto-calculated scale_pos_weight for ClearGBM                          
INFO     Trial complete                                                         
INFO     Auto-calculated scale_pos_weight for ClearGBM                          
INFO     Trial complete                                                         
INFO     Auto-calculated scale_pos_weight for ClearGBM                          
INFO     Trial complete                                                         
INFO     Auto-calculated scale_pos_weight for ClearGBM                          
INFO     Trial complete                                                         
INFO     Auto-calculated scale_pos_weight for ClearGBM                          
INFO     Trial complete                                                         
INFO     Auto-calculated scale_pos_weight for ClearGBM                          
INFO     Trial complete                                                         
INFO     Auto-calculated scale_pos_weight for ClearGBM                          
INFO     Trial complete                                                         
INFO     Auto-calculated scale_pos_weight for ClearGBM                          
INFO     Trial complete                                                         
INFO     Auto-calculated scale_pos_weight for ClearGBM                          
INFO     Trial complete                                                         
INFO     Auto-calculated scale_pos_weight for ClearGBM                          
INFO     Trial complete                                                         
INFO     Auto-calculated scale_pos_weight for ClearGBM                          
INFO     Trial complete                                                         
INFO     Auto-calculated scale_pos_weight for ClearGBM                          
INFO     Trial complete                                                         
INFO     Auto-calculated scale_pos_weight for ClearGBM                          
INFO     Trial complete                                                         
INFO     Auto-calculated scale_pos_weight for ClearGBM                          
INFO     Trial complete                                                         
INFO     Auto-calculated scale_pos_weight for ClearGBM                          
INFO     Trial complete                                                         
INFO     Optuna TPE optimization complete                                       
  59s Saving results... ━━━━━━━━━━━━━━━━━━━━━━━━━━━━━━━━━━━━━━━━ 100%

╭──────────────────────────────────────────────────────────────────────────────╮
│ OPTIMIZATION COMPLETE                                                        │
╰──────────────────────────────────────────────────────────────────────────────╯

                Optimization Results                
┌────────────────┬─────────────────────────────────┐
│ Backend        │ ClearGBM                        │
│ Dataset        │ TAIWAN                          │
│ Feature Preset │ full                            │
│ Samples        │ 6,819                           │
│ Features       │ 880                             │
│ Best AUC       │  0.9412                         │
│ Best Trial     │ #19                             │
│ Trials         │ 20 complete, 0 pruned, 0 failed │
│ Time           │ 59.2s                           │
└────────────────┴─────────────────────────────────┘

Best Hyperparameters (ClearGBM) 
┏━━━━━━━━━━━━━━━━━━━┳━━━━━━━━━━┓
┃ Parameter         ┃    Value ┃
┡━━━━━━━━━━━━━━━━━━━╇━━━━━━━━━━┩
│ max_depth         │        6 │
│ n_estimators      │      242 │
│ min_samples_split │       42 │
│ min_samples_leaf  │       15 │
│ max_bins          │       64 │
│ learning_rate     │ 0.089036 │
│ subsample         │ 0.651902 │
└───────────────────┴──────────┘

                Run Comparison                
┏━━━━━━━━━━━━━━━━━┳━━━━━━━━┳━━━━━━━━━━━┳━━━━━┓
┃ Metric          ┃    AUC ┃     Delta ┃ Run ┃
┡━━━━━━━━━━━━━━━━━╇━━━━━━━━╇━━━━━━━━━━━╇━━━━━┩
│ Current Run     │ 0.9412 │           │ now │
│ Previous Best   │    N/A │ first run │     │
│ All-Time Best ★ │ 0.9412 │       NEW │ now │
└─────────────────┴────────┴───────────┴─────┘

 ★ NEW BEST AUC: 0.9412 ★ 

2026-08-24T23:55:35-07:00
exit      0
