host      hpc3-15-20
job       55570052
restart   0
gpu       cpu-only
2026-08-24T23:56:33-07:00

╭──────────────────────────────────────────────────────────────────────────────╮
│ Hyperparameter Optimization                                                  │
╰──────────────────────────────────────────────────────────────────────────────╯

                               Run Configuration                                
┌────────────────┬───────────────────────┬─────────────────────────────────────┐
│ Backend        │ ClearGBM              │ ML model backend                    │
│ Dataset        │ KAGGLE_GIVE_ME_CREDIT │ External bankruptcy dataset         │
│ Trials         │ 20                    │ Optuna TPE Bayesian optimization    │
│                │                       │ trials                              │
│ Feature Preset │ ratios_only           │ Original + pairwise ratios (capped  │
│                │                       │ at 500)                             │
│ Device         │ CPU                   │ GPU (CUDA) or CPU                   │
│ Optimizer      │ Optuna TPE            │ Tree-structured Parzen Estimator    │
│ Metric         │ AUC-ROC               │ Area under ROC curve (validation    │
│                │                       │ set)                                │
└────────────────┴───────────────────────┴─────────────────────────────────────┘

INFO     Applied feature engineering for ClearGBM                               
INFO     Detected special codes                                                 
INFO     Starting Optuna TPE optimization                                       
INFO     Auto-calculated scale_pos_weight for ClearGBM                          
INFO     Trial complete                                                         
INFO     Auto-calculated scale_pos_weight for ClearGBM                          
INFO     Trial complete                                                         
INFO     Auto-calculated scale_pos_weight for ClearGBM                          
INFO     Trial complete                                                         
INFO     Auto-calculated scale_pos_weight for ClearGBM                          
INFO     Trial complete                                                         
INFO     Auto-calculated scale_pos_weight for ClearGBM                          
INFO     Trial complete                                                         
INFO     Auto-calculated scale_pos_weight for ClearGBM                          
INFO     Trial complete                                                         
INFO     Auto-calculated scale_pos_weight for ClearGBM                          
INFO     Trial complete                                                         
INFO     Auto-calculated scale_pos_weight for ClearGBM                          
INFO     Trial complete                                                         
INFO     Auto-calculated scale_pos_weight for ClearGBM                          
INFO     Trial complete                                                         
INFO     Auto-calculated scale_pos_weight for ClearGBM                          
INFO     Trial complete                                                         
INFO     Auto-calculated scale_pos_weight for ClearGBM                          
INFO     Trial complete                                                         
INFO     Auto-calculated scale_pos_weight for ClearGBM                          
INFO     Trial complete                                                         
INFO     Auto-calculated scale_pos_weight for ClearGBM                          
INFO     Trial complete                                                         
INFO     Auto-calculated scale_pos_weight for ClearGBM                          
INFO     Trial complete                                                         
INFO     Auto-calculated scale_pos_weight for ClearGBM                          
INFO     Trial complete                                                         
INFO     Auto-calculated scale_pos_weight for ClearGBM                          
INFO     Trial complete                                                         
INFO     Auto-calculated scale_pos_weight for ClearGBM                          
INFO     Trial complete                                                         
INFO     Auto-calculated scale_pos_weight for ClearGBM                          
INFO     Trial complete                                                         
INFO     Auto-calculated scale_pos_weight for ClearGBM                          
INFO     Trial complete                                                         
INFO     Auto-calculated scale_pos_weight for ClearGBM                          
INFO     Trial complete                                                         
INFO     Optuna TPE optimization complete                                       
  3m 07s Saving results... ━━━━━━━━━━━━━━━━━━━━━━━━━━━━━━━━━━━━━━━━ 100%

╭──────────────────────────────────────────────────────────────────────────────╮
│ OPTIMIZATION COMPLETE                                                        │
╰──────────────────────────────────────────────────────────────────────────────╯

                Optimization Results                
┌────────────────┬─────────────────────────────────┐
│ Backend        │ ClearGBM                        │
│ Dataset        │ KAGGLE_GIVE_ME_CREDIT           │
│ Feature Preset │ ratios_only                     │
│ Samples        │ 150,000                         │
│ Features       │ 100                             │
│ Best AUC       │  0.8687                         │
│ Best Trial     │ #10                             │
│ Trials         │ 20 complete, 0 pruned, 0 failed │
│ Time           │ 187.5s                          │
└────────────────┴─────────────────────────────────┘

Best Hyperparameters (ClearGBM) 
┏━━━━━━━━━━━━━━━━━━━┳━━━━━━━━━━┓
┃ Parameter         ┃    Value ┃
┡━━━━━━━━━━━━━━━━━━━╇━━━━━━━━━━┩
│ max_depth         │        3 │
│ n_estimators      │      292 │
│ min_samples_split │       49 │
│ min_samples_leaf  │       20 │
│ max_bins          │       32 │
│ learning_rate     │ 0.051210 │
│ subsample         │ 0.606238 │
└───────────────────┴──────────┘

                Run Comparison                
┏━━━━━━━━━━━━━━━━━┳━━━━━━━━┳━━━━━━━━━━━┳━━━━━┓
┃ Metric          ┃    AUC ┃     Delta ┃ Run ┃
┡━━━━━━━━━━━━━━━━━╇━━━━━━━━╇━━━━━━━━━━━╇━━━━━┩
│ Current Run     │ 0.8687 │           │ now │
│ Previous Best   │    N/A │ first run │     │
│ All-Time Best ★ │ 0.8687 │       NEW │ now │
└─────────────────┴────────┴───────────┴─────┘

 ★ NEW BEST AUC: 0.8687 ★ 

2026-08-24T23:59:42-07:00
exit      0
