host      hpc3-15-20
job       55570017
restart   0
gpu       cpu-only
2026-08-24T23:54:42-07:00

╭──────────────────────────────────────────────────────────────────────────────╮
│ Hyperparameter Optimization                                                  │
╰──────────────────────────────────────────────────────────────────────────────╯

                            Run Configuration                            
┌────────────────┬────────────┬─────────────────────────────────────────┐
│ Backend        │ ClearGBM   │ ML model backend                        │
│ Dataset        │ US         │ External bankruptcy dataset             │
│ Trials         │ 20         │ Optuna TPE Bayesian optimization trials │
│ Feature Preset │ none       │ Original features only                  │
│ Device         │ CPU        │ GPU (CUDA) or CPU                       │
│ Optimizer      │ Optuna TPE │ Tree-structured Parzen Estimator        │
│ Metric         │ AUC-ROC    │ Area under ROC curve (validation set)   │
└────────────────┴────────────┴─────────────────────────────────────────┘

INFO     Starting Optuna TPE optimization                                       
INFO     Auto-calculated scale_pos_weight for ClearGBM                          
INFO     Trial complete                                                         
INFO     Auto-calculated scale_pos_weight for ClearGBM                          
INFO     Trial complete                                                         
INFO     Auto-calculated scale_pos_weight for ClearGBM                          
INFO     Trial complete                                                         
INFO     Auto-calculated scale_pos_weight for ClearGBM                          
INFO     Trial complete                                                         
INFO     Auto-calculated scale_pos_weight for ClearGBM                          
INFO     Trial complete                                                         
INFO     Auto-calculated scale_pos_weight for ClearGBM                          
INFO     Trial complete                                                         
INFO     Auto-calculated scale_pos_weight for ClearGBM                          
INFO     Trial complete                                                         
INFO     Auto-calculated scale_pos_weight for ClearGBM                          
INFO     Trial complete                                                         
INFO     Auto-calculated scale_pos_weight for ClearGBM                          
INFO     Trial complete                                                         
INFO     Auto-calculated scale_pos_weight for ClearGBM                          
INFO     Trial complete                                                         
INFO     Auto-calculated scale_pos_weight for ClearGBM                          
INFO     Trial complete                                                         
INFO     Auto-calculated scale_pos_weight for ClearGBM                          
INFO     Trial complete                                                         
INFO     Auto-calculated scale_pos_weight for ClearGBM                          
INFO     Trial complete                                                         
INFO     Auto-calculated scale_pos_weight for ClearGBM                          
INFO     Trial complete                                                         
INFO     Auto-calculated scale_pos_weight for ClearGBM                          
INFO     Trial complete                                                         
INFO     Auto-calculated scale_pos_weight for ClearGBM                          
INFO     Trial complete                                                         
INFO     Auto-calculated scale_pos_weight for ClearGBM                          
INFO     Trial complete                                                         
INFO     Auto-calculated scale_pos_weight for ClearGBM                          
INFO     Trial complete                                                         
INFO     Auto-calculated scale_pos_weight for ClearGBM                          
INFO     Trial complete                                                         
INFO     Auto-calculated scale_pos_weight for ClearGBM                          
INFO     Trial complete                                                         
INFO     Optuna TPE optimization complete                                       
  47s Saving results... ━━━━━━━━━━━━━━━━━━━━━━━━━━━━━━━━━━━━━━━━ 100%

╭──────────────────────────────────────────────────────────────────────────────╮
│ OPTIMIZATION COMPLETE                                                        │
╰──────────────────────────────────────────────────────────────────────────────╯

                Optimization Results                
┌────────────────┬─────────────────────────────────┐
│ Backend        │ ClearGBM                        │
│ Dataset        │ US                              │
│ Feature Preset │ none                            │
│ Samples        │ 78,682                          │
│ Features       │ 18                              │
│ Best AUC       │  0.8146                         │
│ Best Trial     │ #17                             │
│ Trials         │ 20 complete, 0 pruned, 0 failed │
│ Time           │ 47.2s                           │
└────────────────┴─────────────────────────────────┘

Best Hyperparameters (ClearGBM) 
┏━━━━━━━━━━━━━━━━━━━┳━━━━━━━━━━┓
┃ Parameter         ┃    Value ┃
┡━━━━━━━━━━━━━━━━━━━╇━━━━━━━━━━┩
│ max_depth         │        9 │
│ n_estimators      │      257 │
│ min_samples_split │       23 │
│ min_samples_leaf  │        2 │
│ max_bins          │      128 │
│ learning_rate     │ 0.097007 │
│ subsample         │ 0.741406 │
└───────────────────┴──────────┘

                Run Comparison                
┏━━━━━━━━━━━━━━━━━┳━━━━━━━━┳━━━━━━━━━━━┳━━━━━┓
┃ Metric          ┃    AUC ┃     Delta ┃ Run ┃
┡━━━━━━━━━━━━━━━━━╇━━━━━━━━╇━━━━━━━━━━━╇━━━━━┩
│ Current Run     │ 0.8146 │           │ now │
│ Previous Best   │    N/A │ first run │     │
│ All-Time Best ★ │ 0.8146 │       NEW │ now │
└─────────────────┴────────┴───────────┴─────┘

 ★ NEW BEST AUC: 0.8146 ★ 

2026-08-24T23:55:31-07:00
exit      0
