host      hpc3-14-10
job       55571942
restart   0
gpu       cpu-only
2026-08-25T03:07:54-07:00

╭──────────────────────────────────────────────────────────────────────────────╮
│ Hyperparameter Optimization                                                  │
╰──────────────────────────────────────────────────────────────────────────────╯

                               Run Configuration                                
┌────────────────┬───────────────────────┬─────────────────────────────────────┐
│ Backend        │ LightGBM              │ ML model backend                    │
│ Dataset        │ KAGGLE_GIVE_ME_CREDIT │ External bankruptcy dataset         │
│ Trials         │ 100                   │ Optuna TPE Bayesian optimization    │
│                │                       │ trials                              │
│ Feature Preset │ log_only              │ Original + log transforms           │
│ Device         │ CPU                   │ GPU (CUDA) or CPU                   │
│ Optimizer      │ Optuna TPE            │ Tree-structured Parzen Estimator    │
│ Metric         │ AUC-ROC               │ Area under ROC curve (validation    │
│                │                       │ set)                                │
└────────────────┴───────────────────────┴─────────────────────────────────────┘

INFO     Detected special codes                                                 
INFO     Starting Optuna TPE optimization                                       
INFO     Trial complete                                                         
INFO     Trial complete                                                         
INFO     Trial complete                                                         
INFO     Trial complete                                                         
INFO     Trial complete                                                         
INFO     Trial complete                                                         
INFO     Trial complete                                                         
INFO     Trial complete                                                         
INFO     Trial complete                                                         
INFO     Trial complete                                                         
INFO     Trial complete                                                         
INFO     Trial complete                                                         
INFO     Trial complete                                                         
INFO     Trial complete                                                         
INFO     Trial complete                                                         
INFO     Trial complete                                                         
INFO     Trial complete                                                         
INFO     Trial complete                                                         
INFO     Trial complete                                                         
INFO     Trial complete                                                         
INFO     Trial complete                                                         
INFO     Trial complete                                                         
INFO     Trial complete                                                         
INFO     Trial complete                                                         
INFO     Trial complete                                                         
INFO     Trial complete                                                         
INFO     Trial complete                                                         
INFO     Trial complete                                                         
INFO     Trial complete                                                         
INFO     Trial complete                                                         
INFO     Trial complete                                                         
INFO     Trial complete                                                         
INFO     Trial complete                                                         
INFO     Trial complete                                                         
INFO     Trial complete                                                         
INFO     Trial complete                                                         
INFO     Trial complete                                                         
INFO     Trial complete                                                         
INFO     Trial complete                                                         
INFO     Trial complete                                                         
INFO     Trial complete                                                         
INFO     Trial complete                                                         
INFO     Trial complete                                                         
INFO     Trial complete                                                         
INFO     Trial complete                                                         
INFO     Trial complete                                                         
INFO     Trial complete                                                         
INFO     Trial complete                                                         
INFO     Trial complete                                                         
INFO     Trial complete                                                         
INFO     Trial complete                                                         
INFO     Trial complete                                                         
INFO     Trial complete                                                         
INFO     Trial complete                                                         
INFO     Trial complete                                                         
INFO     Trial complete                                                         
INFO     Trial complete                                                         
INFO     Trial complete                                                         
INFO     Trial complete                                                         
INFO     Trial complete                                                         
INFO     Trial complete                                                         
INFO     Trial complete                                                         
INFO     Trial complete                                                         
INFO     Trial complete                                                         
INFO     Trial complete                                                         
INFO     Trial complete                                                         
INFO     Trial complete                                                         
INFO     Trial complete                                                         
INFO     Trial complete                                                         
INFO     Trial complete                                                         
INFO     Trial complete                                                         
INFO     Trial complete                                                         
INFO     Trial complete                                                         
INFO     Trial complete                                                         
INFO     Trial complete                                                         
INFO     Trial complete                                                         
INFO     Trial complete                                                         
INFO     Trial complete                                                         
INFO     Trial complete                                                         
INFO     Trial complete                                                         
INFO     Trial complete                                                         
INFO     Trial complete                                                         
INFO     Trial complete                                                         
INFO     Trial complete                                                         
INFO     Trial complete                                                         
INFO     Trial complete                                                         
INFO     Trial complete                                                         
INFO     Trial complete                                                         
INFO     Trial complete                                                         
INFO     Trial complete                                                         
INFO     Trial complete                                                         
INFO     Trial complete                                                         
INFO     Trial complete                                                         
INFO     Trial complete                                                         
INFO     Trial complete                                                         
INFO     Trial complete                                                         
INFO     Trial complete                                                         
INFO     Trial complete                                                         
INFO     Trial complete                                                         
INFO     Trial complete                                                         
INFO     Optuna TPE optimization complete                                       
  3m 44s Saving results... ━━━━━━━━━━━━━━━━━━━━━━━━━━━━━━━━━━━━━━━━ 100%

╭──────────────────────────────────────────────────────────────────────────────╮
│ OPTIMIZATION COMPLETE                                                        │
╰──────────────────────────────────────────────────────────────────────────────╯

                Optimization Results                 
┌────────────────┬──────────────────────────────────┐
│ Backend        │ LightGBM                         │
│ Dataset        │ KAGGLE_GIVE_ME_CREDIT            │
│ Feature Preset │ log_only                         │
│ Samples        │ 150,000                          │
│ Features       │ 20                               │
│ Best AUC       │  0.8699                          │
│ Best Trial     │ #94                              │
│ Trials         │ 100 complete, 0 pruned, 0 failed │
│ Time           │ 224.4s                           │
└────────────────┴──────────────────────────────────┘

Best Hyperparameters (LightGBM) 
┏━━━━━━━━━━━━━━━━━━┳━━━━━━━━━━━┓
┃ Parameter        ┃     Value ┃
┡━━━━━━━━━━━━━━━━━━╇━━━━━━━━━━━┩
│ n_estimators     │       193 │
│ num_leaves       │        24 │
│ learning_rate    │  0.064136 │
│ reg_alpha        │  2.150154 │
│ reg_lambda       │ 37.940400 │
│ subsample        │  0.695697 │
│ colsample_bytree │  0.632889 │
│ boosting_type    │      gbdt │
└──────────────────┴───────────┘

                Run Comparison                
┏━━━━━━━━━━━━━━━━━┳━━━━━━━━┳━━━━━━━━━━━┳━━━━━┓
┃ Metric          ┃    AUC ┃     Delta ┃ Run ┃
┡━━━━━━━━━━━━━━━━━╇━━━━━━━━╇━━━━━━━━━━━╇━━━━━┩
│ Current Run     │ 0.8699 │           │ now │
│ Previous Best   │    N/A │ first run │     │
│ All-Time Best ★ │ 0.8699 │       NEW │ now │
└─────────────────┴────────┴───────────┴─────┘

 ★ NEW BEST AUC: 0.8699 ★ 

2026-08-25T03:13:03-07:00
exit      0
