host      hpc3-20-01
job       55571938
restart   0
gpu       cpu-only
2026-08-25T03:06:23-07:00

╭──────────────────────────────────────────────────────────────────────────────╮
│ Hyperparameter Optimization                                                  │
╰──────────────────────────────────────────────────────────────────────────────╯

                            Run Configuration                            
┌────────────────┬────────────┬─────────────────────────────────────────┐
│ Backend        │ LightGBM   │ ML model backend                        │
│ Dataset        │ POLISH     │ External bankruptcy dataset             │
│ Trials         │ 100        │ Optuna TPE Bayesian optimization trials │
│ Feature Preset │ none       │ Original features only                  │
│ Device         │ CPU        │ GPU (CUDA) or CPU                       │
│ Optimizer      │ Optuna TPE │ Tree-structured Parzen Estimator        │
│ Metric         │ AUC-ROC    │ Area under ROC curve (validation set)   │
└────────────────┴────────────┴─────────────────────────────────────────┘

INFO     Starting Optuna TPE optimization                                       
INFO     Trial complete                                                         
INFO     Trial complete                                                         
INFO     Trial complete                                                         
INFO     Trial complete                                                         
INFO     Trial complete                                                         
INFO     Trial complete                                                         
INFO     Trial complete                                                         
INFO     Trial complete                                                         
INFO     Trial complete                                                         
INFO     Trial complete                                                         
INFO     Trial complete                                                         
INFO     Trial complete                                                         
INFO     Trial complete                                                         
INFO     Trial complete                                                         
INFO     Trial complete                                                         
INFO     Trial complete                                                         
INFO     Trial complete                                                         
INFO     Trial complete                                                         
INFO     Trial complete                                                         
INFO     Trial complete                                                         
INFO     Trial complete                                                         
INFO     Trial complete                                                         
INFO     Trial complete                                                         
INFO     Trial complete                                                         
INFO     Trial complete                                                         
INFO     Trial complete                                                         
INFO     Trial complete                                                         
INFO     Trial complete                                                         
INFO     Trial complete                                                         
INFO     Trial complete                                                         
INFO     Trial complete                                                         
INFO     Trial complete                                                         
INFO     Trial complete                                                         
INFO     Trial complete                                                         
INFO     Trial complete                                                         
INFO     Trial complete                                                         
INFO     Trial complete                                                         
INFO     Trial complete                                                         
INFO     Trial complete                                                         
INFO     Trial complete                                                         
INFO     Trial complete                                                         
INFO     Trial complete                                                         
INFO     Trial complete                                                         
INFO     Trial complete                                                         
INFO     Trial complete                                                         
INFO     Trial complete                                                         
INFO     Trial complete                                                         
INFO     Trial complete                                                         
INFO     Trial complete                                                         
INFO     Trial complete                                                         
INFO     Trial complete                                                         
INFO     Trial complete                                                         
INFO     Trial complete                                                         
INFO     Trial complete                                                         
INFO     Trial complete                                                         
INFO     Trial complete                                                         
INFO     Trial complete                                                         
INFO     Trial complete                                                         
INFO     Trial complete                                                         
INFO     Trial complete                                                         
INFO     Trial complete                                                         
INFO     Trial complete                                                         
INFO     Trial complete                                                         
INFO     Trial complete                                                         
INFO     Trial complete                                                         
INFO     Trial complete                                                         
INFO     Trial complete                                                         
INFO     Trial complete                                                         
INFO     Trial complete                                                         
INFO     Trial complete                                                         
INFO     Trial complete                                                         
INFO     Trial complete                                                         
INFO     Trial complete                                                         
INFO     Trial complete                                                         
INFO     Trial complete                                                         
INFO     Trial complete                                                         
INFO     Trial complete                                                         
INFO     Trial complete                                                         
INFO     Trial complete                                                         
INFO     Trial complete                                                         
INFO     Trial complete                                                         
INFO     Trial complete                                                         
INFO     Trial complete                                                         
INFO     Trial complete                                                         
INFO     Trial complete                                                         
INFO     Trial complete                                                         
INFO     Trial complete                                                         
INFO     Trial complete                                                         
INFO     Trial complete                                                         
INFO     Trial complete                                                         
INFO     Trial complete                                                         
INFO     Trial complete                                                         
INFO     Trial complete                                                         
INFO     Trial complete                                                         
INFO     Trial complete                                                         
INFO     Trial complete                                                         
INFO     Trial complete                                                         
INFO     Trial complete                                                         
INFO     Trial complete                                                         
INFO     Trial complete                                                         
INFO     Optuna TPE optimization complete                                       
  3m 34s Saving results... ━━━━━━━━━━━━━━━━━━━━━━━━━━━━━━━━━━━━━━━━ 100%

╭──────────────────────────────────────────────────────────────────────────────╮
│ OPTIMIZATION COMPLETE                                                        │
╰──────────────────────────────────────────────────────────────────────────────╯

                Optimization Results                 
┌────────────────┬──────────────────────────────────┐
│ Backend        │ LightGBM                         │
│ Dataset        │ POLISH                           │
│ Feature Preset │ none                             │
│ Samples        │ 7,027                            │
│ Features       │ 64                               │
│ Best AUC       │  0.9658                          │
│ Best Trial     │ #23                              │
│ Trials         │ 100 complete, 0 pruned, 0 failed │
│ Time           │ 214.1s                           │
└────────────────┴──────────────────────────────────┘

Best Hyperparameters (LightGBM)
┏━━━━━━━━━━━━━━━━━━┳━━━━━━━━━━┓
┃ Parameter        ┃    Value ┃
┡━━━━━━━━━━━━━━━━━━╇━━━━━━━━━━┩
│ n_estimators     │      225 │
│ num_leaves       │      100 │
│ learning_rate    │ 0.036622 │
│ reg_alpha        │ 3.017820 │
│ reg_lambda       │ 7.373046 │
│ subsample        │ 0.951451 │
│ colsample_bytree │ 0.756231 │
│ boosting_type    │     gbdt │
└──────────────────┴──────────┘

                Run Comparison                
┏━━━━━━━━━━━━━━━━━┳━━━━━━━━┳━━━━━━━━━━━┳━━━━━┓
┃ Metric          ┃    AUC ┃     Delta ┃ Run ┃
┡━━━━━━━━━━━━━━━━━╇━━━━━━━━╇━━━━━━━━━━━╇━━━━━┩
│ Current Run     │ 0.9658 │           │ now │
│ Previous Best   │    N/A │ first run │     │
│ All-Time Best ★ │ 0.9658 │       NEW │ now │
└─────────────────┴────────┴───────────┴─────┘

 ★ NEW BEST AUC: 0.9658 ★ 

2026-08-25T03:10:00-07:00
exit      0
