host      hpc3-20-08
job       55571940
restart   0
gpu       cpu-only
2026-08-25T03:06:27-07:00

╭──────────────────────────────────────────────────────────────────────────────╮
│ Hyperparameter Optimization                                                  │
╰──────────────────────────────────────────────────────────────────────────────╯

                               Run Configuration                                
┌────────────────┬───────────────────────┬─────────────────────────────────────┐
│ Backend        │ ClearGBM              │ ML model backend                    │
│ Dataset        │ KAGGLE_GIVE_ME_CREDIT │ External bankruptcy dataset         │
│ Trials         │ 100                   │ Optuna TPE Bayesian optimization    │
│                │                       │ trials                              │
│ Feature Preset │ log_only              │ Original + log transforms           │
│ Device         │ CPU                   │ GPU (CUDA) or CPU                   │
│ Optimizer      │ Optuna TPE            │ Tree-structured Parzen Estimator    │
│ Metric         │ AUC-ROC               │ Area under ROC curve (validation    │
│                │                       │ set)                                │
└────────────────┴───────────────────────┴─────────────────────────────────────┘

INFO     Applied feature engineering for ClearGBM                               
INFO     Detected special codes                                                 
INFO     Starting Optuna TPE optimization                                       
INFO     Auto-calculated scale_pos_weight for ClearGBM                          
INFO     Trial complete                                                         
INFO     Auto-calculated scale_pos_weight for ClearGBM                          
INFO     Trial complete                                                         
INFO     Auto-calculated scale_pos_weight for ClearGBM                          
INFO     Trial complete                                                         
INFO     Auto-calculated scale_pos_weight for ClearGBM                          
INFO     Trial complete                                                         
INFO     Auto-calculated scale_pos_weight for ClearGBM                          
INFO     Trial complete                                                         
INFO     Auto-calculated scale_pos_weight for ClearGBM                          
INFO     Trial complete                                                         
INFO     Auto-calculated scale_pos_weight for ClearGBM                          
INFO     Trial complete                                                         
INFO     Auto-calculated scale_pos_weight for ClearGBM                          
INFO     Trial complete                                                         
INFO     Auto-calculated scale_pos_weight for ClearGBM                          
INFO     Trial complete                                                         
INFO     Auto-calculated scale_pos_weight for ClearGBM                          
INFO     Trial complete                                                         
INFO     Auto-calculated scale_pos_weight for ClearGBM                          
INFO     Trial complete                                                         
INFO     Auto-calculated scale_pos_weight for ClearGBM                          
INFO     Trial complete                                                         
INFO     Auto-calculated scale_pos_weight for ClearGBM                          
INFO     Trial complete                                                         
INFO     Auto-calculated scale_pos_weight for ClearGBM                          
INFO     Trial complete                                                         
INFO     Auto-calculated scale_pos_weight for ClearGBM                          
INFO     Trial complete                                                         
INFO     Auto-calculated scale_pos_weight for ClearGBM                          
INFO     Trial complete                                                         
INFO     Auto-calculated scale_pos_weight for ClearGBM                          
INFO     Trial complete                                                         
INFO     Auto-calculated scale_pos_weight for ClearGBM                          
INFO     Trial complete                                                         
INFO     Auto-calculated scale_pos_weight for ClearGBM                          
INFO     Trial complete                                                         
INFO     Auto-calculated scale_pos_weight for ClearGBM                          
INFO     Trial complete                                                         
INFO     Auto-calculated scale_pos_weight for ClearGBM                          
INFO     Trial complete                                                         
INFO     Auto-calculated scale_pos_weight for ClearGBM                          
INFO     Trial complete                                                         
INFO     Auto-calculated scale_pos_weight for ClearGBM                          
INFO     Trial complete                                                         
INFO     Auto-calculated scale_pos_weight for ClearGBM                          
INFO     Trial complete                                                         
INFO     Auto-calculated scale_pos_weight for ClearGBM                          
INFO     Trial complete                                                         
INFO     Auto-calculated scale_pos_weight for ClearGBM                          
INFO     Trial complete                                                         
INFO     Auto-calculated scale_pos_weight for ClearGBM                          
INFO     Trial complete                                                         
INFO     Auto-calculated scale_pos_weight for ClearGBM                          
INFO     Trial complete                                                         
INFO     Auto-calculated scale_pos_weight for ClearGBM                          
INFO     Trial complete                                                         
INFO     Auto-calculated scale_pos_weight for ClearGBM                          
INFO     Trial complete                                                         
INFO     Auto-calculated scale_pos_weight for ClearGBM                          
INFO     Trial complete                                                         
INFO     Auto-calculated scale_pos_weight for ClearGBM                          
INFO     Trial complete                                                         
INFO     Auto-calculated scale_pos_weight for ClearGBM                          
INFO     Trial complete                                                         
INFO     Auto-calculated scale_pos_weight for ClearGBM                          
INFO     Trial complete                                                         
INFO     Auto-calculated scale_pos_weight for ClearGBM                          
INFO     Trial complete                                                         
INFO     Auto-calculated scale_pos_weight for ClearGBM                          
INFO     Trial complete                                                         
INFO     Auto-calculated scale_pos_weight for ClearGBM                          
INFO     Trial complete                                                         
INFO     Auto-calculated scale_pos_weight for ClearGBM                          
INFO     Trial complete                                                         
INFO     Auto-calculated scale_pos_weight for ClearGBM                          
INFO     Trial complete                                                         
INFO     Auto-calculated scale_pos_weight for ClearGBM                          
INFO     Trial complete                                                         
INFO     Auto-calculated scale_pos_weight for ClearGBM                          
INFO     Trial complete                                                         
INFO     Auto-calculated scale_pos_weight for ClearGBM                          
INFO     Trial complete                                                         
INFO     Auto-calculated scale_pos_weight for ClearGBM                          
INFO     Trial complete                                                         
INFO     Auto-calculated scale_pos_weight for ClearGBM                          
INFO     Trial complete                                                         
INFO     Auto-calculated scale_pos_weight for ClearGBM                          
INFO     Trial complete                                                         
INFO     Auto-calculated scale_pos_weight for ClearGBM                          
INFO     Trial complete                                                         
INFO     Auto-calculated scale_pos_weight for ClearGBM                          
INFO     Trial complete                                                         
INFO     Auto-calculated scale_pos_weight for ClearGBM                          
INFO     Trial complete                                                         
INFO     Auto-calculated scale_pos_weight for ClearGBM                          
INFO     Trial complete                                                         
INFO     Auto-calculated scale_pos_weight for ClearGBM                          
INFO     Trial complete                                                         
INFO     Auto-calculated scale_pos_weight for ClearGBM                          
INFO     Trial complete                                                         
INFO     Auto-calculated scale_pos_weight for ClearGBM                          
INFO     Trial complete                                                         
INFO     Auto-calculated scale_pos_weight for ClearGBM                          
INFO     Trial complete                                                         
INFO     Auto-calculated scale_pos_weight for ClearGBM                          
INFO     Trial complete                                                         
INFO     Auto-calculated scale_pos_weight for ClearGBM                          
INFO     Trial complete                                                         
INFO     Auto-calculated scale_pos_weight for ClearGBM                          
INFO     Trial complete                                                         
INFO     Auto-calculated scale_pos_weight for ClearGBM                          
INFO     Trial complete                                                         
INFO     Auto-calculated scale_pos_weight for ClearGBM                          
INFO     Trial complete                                                         
INFO     Auto-calculated scale_pos_weight for ClearGBM                          
INFO     Trial complete                                                         
INFO     Auto-calculated scale_pos_weight for ClearGBM                          
INFO     Trial complete                                                         
INFO     Auto-calculated scale_pos_weight for ClearGBM                          
INFO     Trial complete                                                         
INFO     Auto-calculated scale_pos_weight for ClearGBM                          
INFO     Trial complete                                                         
INFO     Auto-calculated scale_pos_weight for ClearGBM                          
INFO     Trial complete                                                         
INFO     Auto-calculated scale_pos_weight for ClearGBM                          
INFO     Trial complete                                                         
INFO     Auto-calculated scale_pos_weight for ClearGBM                          
INFO     Trial complete                                                         
INFO     Auto-calculated scale_pos_weight for ClearGBM                          
INFO     Trial complete                                                         
INFO     Auto-calculated scale_pos_weight for ClearGBM                          
INFO     Trial complete                                                         
INFO     Auto-calculated scale_pos_weight for ClearGBM                          
INFO     Trial complete                                                         
INFO     Auto-calculated scale_pos_weight for ClearGBM                          
INFO     Trial complete                                                         
INFO     Auto-calculated scale_pos_weight for ClearGBM                          
INFO     Trial complete                                                         
INFO     Auto-calculated scale_pos_weight for ClearGBM                          
INFO     Trial complete                                                         
INFO     Auto-calculated scale_pos_weight for ClearGBM                          
INFO     Trial complete                                                         
INFO     Auto-calculated scale_pos_weight for ClearGBM                          
INFO     Trial complete                                                         
INFO     Auto-calculated scale_pos_weight for ClearGBM                          
INFO     Trial complete                                                         
INFO     Auto-calculated scale_pos_weight for ClearGBM                          
INFO     Trial complete                                                         
INFO     Auto-calculated scale_pos_weight for ClearGBM                          
INFO     Trial complete                                                         
INFO     Auto-calculated scale_pos_weight for ClearGBM                          
INFO     Trial complete                                                         
INFO     Auto-calculated scale_pos_weight for ClearGBM                          
INFO     Trial complete                                                         
INFO     Auto-calculated scale_pos_weight for ClearGBM                          
INFO     Trial complete                                                         
INFO     Auto-calculated scale_pos_weight for ClearGBM                          
INFO     Trial complete                                                         
INFO     Auto-calculated scale_pos_weight for ClearGBM                          
INFO     Trial complete                                                         
INFO     Auto-calculated scale_pos_weight for ClearGBM                          
INFO     Trial complete                                                         
INFO     Auto-calculated scale_pos_weight for ClearGBM                          
INFO     Trial complete                                                         
INFO     Auto-calculated scale_pos_weight for ClearGBM                          
INFO     Trial complete                                                         
INFO     Auto-calculated scale_pos_weight for ClearGBM                          
INFO     Trial complete                                                         
INFO     Auto-calculated scale_pos_weight for ClearGBM                          
INFO     Trial complete                                                         
INFO     Auto-calculated scale_pos_weight for ClearGBM                          
INFO     Trial complete                                                         
INFO     Auto-calculated scale_pos_weight for ClearGBM                          
INFO     Trial complete                                                         
INFO     Auto-calculated scale_pos_weight for ClearGBM                          
INFO     Trial complete                                                         
INFO     Auto-calculated scale_pos_weight for ClearGBM                          
INFO     Trial complete                                                         
INFO     Auto-calculated scale_pos_weight for ClearGBM                          
INFO     Trial complete                                                         
INFO     Auto-calculated scale_pos_weight for ClearGBM                          
INFO     Trial complete                                                         
INFO     Auto-calculated scale_pos_weight for ClearGBM                          
INFO     Trial complete                                                         
INFO     Auto-calculated scale_pos_weight for ClearGBM                          
INFO     Trial complete                                                         
INFO     Auto-calculated scale_pos_weight for ClearGBM                          
INFO     Trial complete                                                         
INFO     Auto-calculated scale_pos_weight for ClearGBM                          
INFO     Trial complete                                                         
INFO     Auto-calculated scale_pos_weight for ClearGBM                          
INFO     Trial complete                                                         
INFO     Auto-calculated scale_pos_weight for ClearGBM                          
INFO     Trial complete                                                         
INFO     Auto-calculated scale_pos_weight for ClearGBM                          
INFO     Trial complete                                                         
INFO     Auto-calculated scale_pos_weight for ClearGBM                          
INFO     Trial complete                                                         
INFO     Optuna TPE optimization complete                                       
  4m 09s Saving results... ━━━━━━━━━━━━━━━━━━━━━━━━━━━━━━━━━━━━━━━━ 100%

╭──────────────────────────────────────────────────────────────────────────────╮
│ OPTIMIZATION COMPLETE                                                        │
╰──────────────────────────────────────────────────────────────────────────────╯

                Optimization Results                 
┌────────────────┬──────────────────────────────────┐
│ Backend        │ ClearGBM                         │
│ Dataset        │ KAGGLE_GIVE_ME_CREDIT            │
│ Feature Preset │ log_only                         │
│ Samples        │ 150,000                          │
│ Features       │ 20                               │
│ Best AUC       │  0.8708                          │
│ Best Trial     │ #94                              │
│ Trials         │ 100 complete, 0 pruned, 0 failed │
│ Time           │ 249.5s                           │
└────────────────┴──────────────────────────────────┘

  Best Hyperparameters (ClearGBM)   
┏━━━━━━━━━━━━━━━━━━━━━━━┳━━━━━━━━━━┓
┃ Parameter             ┃    Value ┃
┡━━━━━━━━━━━━━━━━━━━━━━━╇━━━━━━━━━━┩
│ max_depth             │        3 │
│ n_estimators          │      292 │
│ min_samples_split     │        8 │
│ min_samples_leaf      │       17 │
│ min_data_in_bin_denom │      256 │
│ max_bins              │      128 │
│ learning_rate         │ 0.051721 │
│ subsample             │ 0.798740 │
└───────────────────────┴──────────┘

                Run Comparison                
┏━━━━━━━━━━━━━━━━━┳━━━━━━━━┳━━━━━━━━━━━┳━━━━━┓
┃ Metric          ┃    AUC ┃     Delta ┃ Run ┃
┡━━━━━━━━━━━━━━━━━╇━━━━━━━━╇━━━━━━━━━━━╇━━━━━┩
│ Current Run     │ 0.8708 │           │ now │
│ Previous Best   │    N/A │ first run │     │
│ All-Time Best ★ │ 0.8708 │       NEW │ now │
└─────────────────┴────────┴───────────┴─────┘

 ★ NEW BEST AUC: 0.8708 ★ 

2026-08-25T03:13:27-07:00
exit      0
