host      hpc3-l18-04
job       55571159
restart   0
gpu       cpu-only
2026-08-25T01:33:30-07:00

╭──────────────────────────────────────────────────────────────────────────────╮
│ Hyperparameter Optimization                                                  │
╰──────────────────────────────────────────────────────────────────────────────╯

                               Run Configuration                                
┌────────────────┬───────────────────────┬─────────────────────────────────────┐
│ Backend        │ ClearGBM              │ ML model backend                    │
│ Dataset        │ KAGGLE_GIVE_ME_CREDIT │ External bankruptcy dataset         │
│ Trials         │ 20                    │ Optuna TPE Bayesian optimization    │
│                │                       │ trials                              │
│ Feature Preset │ full                  │ Original + log + ratios + products  │
│                │                       │ (max ~800 features)                 │
│ Device         │ CPU                   │ GPU (CUDA) or CPU                   │
│ Optimizer      │ Optuna TPE            │ Tree-structured Parzen Estimator    │
│ Metric         │ AUC-ROC               │ Area under ROC curve (validation    │
│                │                       │ set)                                │
└────────────────┴───────────────────────┴─────────────────────────────────────┘

INFO     Applied feature engineering for ClearGBM                               
INFO     Detected special codes                                                 
INFO     Starting Optuna TPE optimization                                       
INFO     Auto-calculated scale_pos_weight for ClearGBM                          
INFO     Trial complete                                                         
INFO     Auto-calculated scale_pos_weight for ClearGBM                          
INFO     Trial complete                                                         
INFO     Auto-calculated scale_pos_weight for ClearGBM                          
INFO     Trial complete                                                         
INFO     Auto-calculated scale_pos_weight for ClearGBM                          
INFO     Trial complete                                                         
INFO     Auto-calculated scale_pos_weight for ClearGBM                          
INFO     Trial complete                                                         
INFO     Auto-calculated scale_pos_weight for ClearGBM                          
INFO     Trial complete                                                         
INFO     Auto-calculated scale_pos_weight for ClearGBM                          
INFO     Trial complete                                                         
INFO     Auto-calculated scale_pos_weight for ClearGBM                          
INFO     Trial complete                                                         
INFO     Auto-calculated scale_pos_weight for ClearGBM                          
INFO     Trial complete                                                         
INFO     Auto-calculated scale_pos_weight for ClearGBM                          
INFO     Trial complete                                                         
INFO     Auto-calculated scale_pos_weight for ClearGBM                          
INFO     Trial complete                                                         
INFO     Auto-calculated scale_pos_weight for ClearGBM                          
INFO     Trial complete                                                         
INFO     Auto-calculated scale_pos_weight for ClearGBM                          
INFO     Trial complete                                                         
INFO     Auto-calculated scale_pos_weight for ClearGBM                          
INFO     Trial complete                                                         
INFO     Auto-calculated scale_pos_weight for ClearGBM                          
INFO     Trial complete                                                         
INFO     Auto-calculated scale_pos_weight for ClearGBM                          
INFO     Trial complete                                                         
INFO     Auto-calculated scale_pos_weight for ClearGBM                          
INFO     Trial complete                                                         
INFO     Auto-calculated scale_pos_weight for ClearGBM                          
INFO     Trial complete                                                         
INFO     Auto-calculated scale_pos_weight for ClearGBM                          
INFO     Trial complete                                                         
INFO     Auto-calculated scale_pos_weight for ClearGBM                          
INFO     Trial complete                                                         
INFO     Optuna TPE optimization complete                                       
  3m 24s Saving results... ━━━━━━━━━━━━━━━━━━━━━━━━━━━━━━━━━━━━━━━━ 100%

╭──────────────────────────────────────────────────────────────────────────────╮
│ OPTIMIZATION COMPLETE                                                        │
╰──────────────────────────────────────────────────────────────────────────────╯

                Optimization Results                
┌────────────────┬─────────────────────────────────┐
│ Backend        │ ClearGBM                        │
│ Dataset        │ KAGGLE_GIVE_ME_CREDIT           │
│ Feature Preset │ full                            │
│ Samples        │ 150,000                         │
│ Features       │ 155                             │
│ Best AUC       │  0.8686                         │
│ Best Trial     │ #19                             │
│ Trials         │ 20 complete, 0 pruned, 0 failed │
│ Time           │ 204.7s                          │
└────────────────┴─────────────────────────────────┘

Best Hyperparameters (ClearGBM) 
┏━━━━━━━━━━━━━━━━━━━┳━━━━━━━━━━┓
┃ Parameter         ┃    Value ┃
┡━━━━━━━━━━━━━━━━━━━╇━━━━━━━━━━┩
│ max_depth         │        3 │
│ n_estimators      │      157 │
│ min_samples_split │       36 │
│ min_samples_leaf  │        2 │
│ max_bins          │       64 │
│ learning_rate     │ 0.117955 │
│ subsample         │ 0.926292 │
└───────────────────┴──────────┘

                Run Comparison                
┏━━━━━━━━━━━━━━━━━┳━━━━━━━━┳━━━━━━━━━━━┳━━━━━┓
┃ Metric          ┃    AUC ┃     Delta ┃ Run ┃
┡━━━━━━━━━━━━━━━━━╇━━━━━━━━╇━━━━━━━━━━━╇━━━━━┩
│ Current Run     │ 0.8686 │           │ now │
│ Previous Best   │    N/A │ first run │     │
│ All-Time Best ★ │ 0.8686 │       NEW │ now │
└─────────────────┴────────┴───────────┴─────┘

 ★ NEW BEST AUC: 0.8686 ★ 

2026-08-25T01:36:57-07:00
exit      0
