host      hpc3-20-23
job       55540069
restart   0
gpu       cpu-only
2026-08-24T01:29:48-07:00

╭──────────────────────────────────────────────────────────────────────────────╮
│ Hyperparameter Optimization                                                  │
╰──────────────────────────────────────────────────────────────────────────────╯

                               Run Configuration                                
┌────────────────┬────────────┬────────────────────────────────────────────────┐
│ Backend        │ ClearGBM   │ ML model backend                               │
│ Dataset        │ POLISH     │ External bankruptcy dataset                    │
│ Trials         │ 20         │ Optuna TPE Bayesian optimization trials        │
│ Feature Preset │ full       │ Original + log + ratios + products (max ~800   │
│                │            │ features)                                      │
│ Device         │ CPU        │ GPU (CUDA) or CPU                              │
│ Optimizer      │ Optuna TPE │ Tree-structured Parzen Estimator               │
│ Metric         │ AUC-ROC    │ Area under ROC curve (validation set)          │
└────────────────┴────────────┴────────────────────────────────────────────────┘

INFO     Applied feature engineering for ClearGBM                               
INFO     Starting Optuna TPE optimization                                       
INFO     Auto-calculated scale_pos_weight for ClearGBM                          
INFO     Trial complete                                                         
INFO     Auto-calculated scale_pos_weight for ClearGBM                          
INFO     Trial complete                                                         
INFO     Auto-calculated scale_pos_weight for ClearGBM                          
INFO     Trial complete                                                         
INFO     Auto-calculated scale_pos_weight for ClearGBM                          
INFO     Trial complete                                                         
INFO     Auto-calculated scale_pos_weight for ClearGBM                          
INFO     Trial complete                                                         
INFO     Auto-calculated scale_pos_weight for ClearGBM                          
INFO     Trial complete                                                         
INFO     Auto-calculated scale_pos_weight for ClearGBM                          
INFO     Trial complete                                                         
INFO     Auto-calculated scale_pos_weight for ClearGBM                          
INFO     Trial complete                                                         
INFO     Auto-calculated scale_pos_weight for ClearGBM                          
INFO     Trial complete                                                         
INFO     Auto-calculated scale_pos_weight for ClearGBM                          
INFO     Trial complete                                                         
INFO     Auto-calculated scale_pos_weight for ClearGBM                          
INFO     Trial complete                                                         
INFO     Auto-calculated scale_pos_weight for ClearGBM                          
INFO     Trial complete                                                         
INFO     Auto-calculated scale_pos_weight for ClearGBM                          
INFO     Trial complete                                                         
INFO     Auto-calculated scale_pos_weight for ClearGBM                          
INFO     Trial complete                                                         
INFO     Auto-calculated scale_pos_weight for ClearGBM                          
INFO     Trial complete                                                         
INFO     Auto-calculated scale_pos_weight for ClearGBM                          
INFO     Trial complete                                                         
INFO     Auto-calculated scale_pos_weight for ClearGBM                          
INFO     Trial complete                                                         
INFO     Auto-calculated scale_pos_weight for ClearGBM                          
INFO     Trial complete                                                         
INFO     Auto-calculated scale_pos_weight for ClearGBM                          
INFO     Trial complete                                                         
INFO     Auto-calculated scale_pos_weight for ClearGBM                          
INFO     Trial complete                                                         
INFO     Optuna TPE optimization complete                                       
  1m 24s Saving results... ━━━━━━━━━━━━━━━━━━━━━━━━━━━━━━━━━━━━━━━━ 100%

╭──────────────────────────────────────────────────────────────────────────────╮
│ OPTIMIZATION COMPLETE                                                        │
╰──────────────────────────────────────────────────────────────────────────────╯

                Optimization Results                
┌────────────────┬─────────────────────────────────┐
│ Backend        │ ClearGBM                        │
│ Dataset        │ POLISH                          │
│ Feature Preset │ full                            │
│ Samples        │ 7,027                           │
│ Features       │ 818                             │
│ Best AUC       │  0.9420                         │
│ Best Trial     │ #10                             │
│ Trials         │ 20 complete, 0 pruned, 0 failed │
│ Time           │ 84.9s                           │
└────────────────┴─────────────────────────────────┘

Best Hyperparameters (ClearGBM) 
┏━━━━━━━━━━━━━━━━━━━┳━━━━━━━━━━┓
┃ Parameter         ┃    Value ┃
┡━━━━━━━━━━━━━━━━━━━╇━━━━━━━━━━┩
│ max_depth         │        7 │
│ n_estimators      │      291 │
│ min_samples_split │       19 │
│ min_samples_leaf  │       19 │
│ max_bins          │       64 │
│ learning_rate     │ 0.073095 │
│ subsample         │ 0.989108 │
└───────────────────┴──────────┘

                Run Comparison                
┏━━━━━━━━━━━━━━━━━┳━━━━━━━━┳━━━━━━━━━━━┳━━━━━┓
┃ Metric          ┃    AUC ┃     Delta ┃ Run ┃
┡━━━━━━━━━━━━━━━━━╇━━━━━━━━╇━━━━━━━━━━━╇━━━━━┩
│ Current Run     │ 0.9420 │           │ now │
│ Previous Best   │    N/A │ first run │     │
│ All-Time Best ★ │ 0.9420 │       NEW │ now │
└─────────────────┴────────┴───────────┴─────┘

 ★ NEW BEST AUC: 0.9420 ★ 

2026-08-24T01:31:15-07:00
exit      0
